// Vitest Snapshot v1

exports[`Given the \`ProfileIcon\` component > when it is rendered > should match the snapshot 1`] = `
<section
  class="dropdown"
  data-v-96f08be6=""
>
  <span
    class="dropdown-button pointer"
    data-v-96f08be6=""
  >
    <div
      class="avatar d-flex justify-content-center align-items-center"
      data-v-96f08be6=""
      data-v-cd0cfdf7=""
    >
      P
    </div>
  </span>
  <!--v-if-->
</section>
`;
