// Vitest Snapshot v1

exports[`Given the Nav component > when it is rendered > and when the user is logged out > should match the snapshot 1`] = `
<nav
  class="nav"
  data-v-b2021e10=""
>
  
  <p
    class="nav--link"
    data-test="signin"
    data-v-b2021e10=""
  >
     Sign In 
  </p>
  <p
    class="nav--link"
    data-test="register"
    data-v-b2021e10=""
  >
     Register 
  </p>
  
</nav>
`;

exports[`Given the Nav component > when it is rendered > should match the snapshot 1`] = `
<nav
  class="nav"
  data-v-b2021e10=""
>
  <section
    class="dropdown"
    data-v-96f08be6=""
    data-v-b2021e10=""
  >
    <span
      class="dropdown-button pointer"
      data-v-96f08be6=""
    >
      <profile-avatar-stub
        data-v-96f08be6=""
        name="Paul"
      />
    </span>
    <!--v-if-->
  </section>
</nav>
`;
