// Vitest Snapshot v1

exports[`Given the Logo component > when it is rendered > should match the snapshot 1`] = `
<div
  class="logo"
  data-v-4bfea8c3=""
>
  <div
    class="logo-tilt"
    data-v-4bfea8c3=""
  >
    <div
      class="logo-tilt-inner"
      data-v-4bfea8c3=""
    >
      <img
        alt="logo"
        class="logo-tilt-inner--image"
        data-v-4bfea8c3=""
        src="/src/assets/images/brain.png"
      />
    </div>
  </div>
</div>
`;
